------------------------------------------------------------
Timing Analyzer Summary
------------------------------------------------------------

Type  : Slow 1200mV 85C Model Setup 'CLK2_50'
Slack : 0.958
TNS   : 0.000

Type  : Slow 1200mV 85C Model Setup 'CLK1_virt'
Slack : 5.877
TNS   : 0.000

Type  : Slow 1200mV 85C Model Setup 'CLK1_50'
Slack : 7.183
TNS   : 0.000

Type  : Slow 1200mV 85C Model Setup 'u0|sdram_pll|sd1|pll7|clk[0]'
Slack : 7.934
TNS   : 0.000

Type  : Slow 1200mV 85C Model Setup 'clk_dram_ext'
Slack : 15.652
TNS   : 0.000

Type  : Slow 1200mV 85C Model Setup 'altera_reserved_tck'
Slack : 45.025
TNS   : 0.000

Type  : Slow 1200mV 85C Model Hold 'CLK1_50'
Slack : 0.234
TNS   : 0.000

Type  : Slow 1200mV 85C Model Hold 'u0|sdram_pll|sd1|pll7|clk[0]'
Slack : 0.326
TNS   : 0.000

Type  : Slow 1200mV 85C Model Hold 'altera_reserved_tck'
Slack : 0.340
TNS   : 0.000

Type  : Slow 1200mV 85C Model Hold 'CLK2_50'
Slack : 0.343
TNS   : 0.000

Type  : Slow 1200mV 85C Model Hold 'clk_dram_ext'
Slack : 0.883
TNS   : 0.000

Type  : Slow 1200mV 85C Model Hold 'CLK1_virt'
Slack : 6.881
TNS   : 0.000

Type  : Slow 1200mV 85C Model Recovery 'CLK1_50'
Slack : 12.080
TNS   : 0.000

Type  : Slow 1200mV 85C Model Recovery 'u0|sdram_pll|sd1|pll7|clk[0]'
Slack : 14.413
TNS   : 0.000

Type  : Slow 1200mV 85C Model Recovery 'altera_reserved_tck'
Slack : 47.766
TNS   : 0.000

Type  : Slow 1200mV 85C Model Removal 'u0|sdram_pll|sd1|pll7|clk[0]'
Slack : 1.280
TNS   : 0.000

Type  : Slow 1200mV 85C Model Removal 'altera_reserved_tck'
Slack : 1.381
TNS   : 0.000

Type  : Slow 1200mV 85C Model Removal 'CLK1_50'
Slack : 6.274
TNS   : 0.000

Type  : Slow 1200mV 85C Model Minimum Pulse Width 'CLK2_50'
Slack : 9.472
TNS   : 0.000

Type  : Slow 1200mV 85C Model Minimum Pulse Width 'CLK1_50'
Slack : 9.553
TNS   : 0.000

Type  : Slow 1200mV 85C Model Minimum Pulse Width 'u0|sdram_pll|sd1|pll7|clk[0]'
Slack : 9.676
TNS   : 0.000

Type  : Slow 1200mV 85C Model Minimum Pulse Width 'u0|sdram_pll|sd1|pll7|clk[1]'
Slack : 9.849
TNS   : 0.000

Type  : Slow 1200mV 85C Model Minimum Pulse Width 'clk_dram_ext'
Slack : 15.790
TNS   : 0.000

Type  : Slow 1200mV 85C Model Minimum Pulse Width 'altera_reserved_tck'
Slack : 49.625
TNS   : 0.000

Type  : Slow 1200mV 0C Model Setup 'CLK2_50'
Slack : 1.664
TNS   : 0.000

Type  : Slow 1200mV 0C Model Setup 'CLK1_virt'
Slack : 6.854
TNS   : 0.000

Type  : Slow 1200mV 0C Model Setup 'CLK1_50'
Slack : 8.076
TNS   : 0.000

Type  : Slow 1200mV 0C Model Setup 'u0|sdram_pll|sd1|pll7|clk[0]'
Slack : 8.748
TNS   : 0.000

Type  : Slow 1200mV 0C Model Setup 'clk_dram_ext'
Slack : 15.759
TNS   : 0.000

Type  : Slow 1200mV 0C Model Setup 'altera_reserved_tck'
Slack : 45.384
TNS   : 0.000

Type  : Slow 1200mV 0C Model Hold 'CLK1_50'
Slack : 0.233
TNS   : 0.000

Type  : Slow 1200mV 0C Model Hold 'u0|sdram_pll|sd1|pll7|clk[0]'
Slack : 0.284
TNS   : 0.000

Type  : Slow 1200mV 0C Model Hold 'altera_reserved_tck'
Slack : 0.305
TNS   : 0.000

Type  : Slow 1200mV 0C Model Hold 'CLK2_50'
Slack : 0.307
TNS   : 0.000

Type  : Slow 1200mV 0C Model Hold 'clk_dram_ext'
Slack : 0.777
TNS   : 0.000

Type  : Slow 1200mV 0C Model Hold 'CLK1_virt'
Slack : 6.152
TNS   : 0.000

Type  : Slow 1200mV 0C Model Recovery 'CLK1_50'
Slack : 12.773
TNS   : 0.000

Type  : Slow 1200mV 0C Model Recovery 'u0|sdram_pll|sd1|pll7|clk[0]'
Slack : 14.890
TNS   : 0.000

Type  : Slow 1200mV 0C Model Recovery 'altera_reserved_tck'
Slack : 47.937
TNS   : 0.000

Type  : Slow 1200mV 0C Model Removal 'u0|sdram_pll|sd1|pll7|clk[0]'
Slack : 1.128
TNS   : 0.000

Type  : Slow 1200mV 0C Model Removal 'altera_reserved_tck'
Slack : 1.236
TNS   : 0.000

Type  : Slow 1200mV 0C Model Removal 'CLK1_50'
Slack : 5.692
TNS   : 0.000

Type  : Slow 1200mV 0C Model Minimum Pulse Width 'CLK2_50'
Slack : 9.497
TNS   : 0.000

Type  : Slow 1200mV 0C Model Minimum Pulse Width 'CLK1_50'
Slack : 9.578
TNS   : 0.000

Type  : Slow 1200mV 0C Model Minimum Pulse Width 'u0|sdram_pll|sd1|pll7|clk[0]'
Slack : 9.695
TNS   : 0.000

Type  : Slow 1200mV 0C Model Minimum Pulse Width 'u0|sdram_pll|sd1|pll7|clk[1]'
Slack : 9.874
TNS   : 0.000

Type  : Slow 1200mV 0C Model Minimum Pulse Width 'clk_dram_ext'
Slack : 15.790
TNS   : 0.000

Type  : Slow 1200mV 0C Model Minimum Pulse Width 'altera_reserved_tck'
Slack : 49.649
TNS   : 0.000

Type  : Fast 1200mV 0C Model Setup 'CLK2_50'
Slack : 6.302
TNS   : 0.000

Type  : Fast 1200mV 0C Model Setup 'u0|sdram_pll|sd1|pll7|clk[0]'
Slack : 11.754
TNS   : 0.000

Type  : Fast 1200mV 0C Model Setup 'CLK1_virt'
Slack : 12.279
TNS   : 0.000

Type  : Fast 1200mV 0C Model Setup 'CLK1_50'
Slack : 12.930
TNS   : 0.000

Type  : Fast 1200mV 0C Model Setup 'clk_dram_ext'
Slack : 15.684
TNS   : 0.000

Type  : Fast 1200mV 0C Model Setup 'altera_reserved_tck'
Slack : 48.083
TNS   : 0.000

Type  : Fast 1200mV 0C Model Hold 'CLK1_50'
Slack : 0.081
TNS   : 0.000

Type  : Fast 1200mV 0C Model Hold 'altera_reserved_tck'
Slack : 0.147
TNS   : 0.000

Type  : Fast 1200mV 0C Model Hold 'CLK2_50'
Slack : 0.149
TNS   : 0.000

Type  : Fast 1200mV 0C Model Hold 'u0|sdram_pll|sd1|pll7|clk[0]'
Slack : 0.155
TNS   : 0.000

Type  : Fast 1200mV 0C Model Hold 'clk_dram_ext'
Slack : 0.442
TNS   : 0.000

Type  : Fast 1200mV 0C Model Hold 'CLK1_virt'
Slack : 2.858
TNS   : 0.000

Type  : Fast 1200mV 0C Model Recovery 'CLK1_50'
Slack : 16.201
TNS   : 0.000

Type  : Fast 1200mV 0C Model Recovery 'u0|sdram_pll|sd1|pll7|clk[0]'
Slack : 17.333
TNS   : 0.000

Type  : Fast 1200mV 0C Model Recovery 'altera_reserved_tck'
Slack : 49.210
TNS   : 0.000

Type  : Fast 1200mV 0C Model Removal 'altera_reserved_tck'
Slack : 0.584
TNS   : 0.000

Type  : Fast 1200mV 0C Model Removal 'u0|sdram_pll|sd1|pll7|clk[0]'
Slack : 0.600
TNS   : 0.000

Type  : Fast 1200mV 0C Model Removal 'CLK1_50'
Slack : 2.947
TNS   : 0.000

Type  : Fast 1200mV 0C Model Minimum Pulse Width 'CLK2_50'
Slack : 9.401
TNS   : 0.000

Type  : Fast 1200mV 0C Model Minimum Pulse Width 'CLK1_50'
Slack : 9.407
TNS   : 0.000

Type  : Fast 1200mV 0C Model Minimum Pulse Width 'u0|sdram_pll|sd1|pll7|clk[0]'
Slack : 9.717
TNS   : 0.000

Type  : Fast 1200mV 0C Model Minimum Pulse Width 'u0|sdram_pll|sd1|pll7|clk[1]'
Slack : 9.992
TNS   : 0.000

Type  : Fast 1200mV 0C Model Minimum Pulse Width 'clk_dram_ext'
Slack : 16.000
TNS   : 0.000

Type  : Fast 1200mV 0C Model Minimum Pulse Width 'altera_reserved_tck'
Slack : 49.421
TNS   : 0.000

------------------------------------------------------------
